// Jest Snapshot v1, https://goo.gl/fbAQLP

exports[`TreeList matches snapshot 1`] = `ShallowWrapper {}`;
