// Jest Snapshot v1, https://goo.gl/fbAQLP

exports[`NotFound matches snapshot 1`] = `ShallowWrapper {}`;
