// Jest Snapshot v1, https://goo.gl/fbAQLP

exports[`EmptyLine matches snapshot 1`] = `ShallowWrapper {}`;
