// Jest Snapshot v1, https://goo.gl/fbAQLP

exports[`PracticePreview matches snapshot 1`] = `ShallowWrapper {}`;
