// Jest Snapshot v1, https://goo.gl/fbAQLP

exports[`CreateBranchButton matches snapshot 1`] = `ShallowWrapper {}`;
