// Jest Snapshot v1, https://goo.gl/fbAQLP

exports[`CreateTreeButton matches snapshot 1`] = `ShallowWrapper {}`;
